// Jest Snapshot v1, https://goo.gl/fbAQLP

exports[`Modal Component should render a Modal component 1`] = `ShallowWrapper {}`;

exports[`Modal Component should render a Modal component with a header 1`] = `ShallowWrapper {}`;

exports[`Modal Component should render a Modal component with styled buttons 1`] = `ShallowWrapper {}`;
