// Jest Snapshot v1, https://goo.gl/fbAQLP

exports[`BasicInput Component should render a BasicInput component 1`] = `ShallowWrapper {}`;

exports[`BasicInput Component should render a BasicInput component with a placeholder 1`] = `ShallowWrapper {}`;

exports[`BasicInput Component should render a BasicInput component with a type of number 1`] = `ShallowWrapper {}`;

exports[`BasicInput Component should render a BasicInput component with a type of password 1`] = `ShallowWrapper {}`;

exports[`BasicInput Component should render a BasicInput component with error handling 1`] = `ShallowWrapper {}`;
