// Jest Snapshot v1, https://goo.gl/fbAQLP

exports[`Dropdown Component should render a Dropdown component 1`] = `
ShallowWrapper {
  "length": 1,
  Symbol(enzyme.__root__): [Circular],
  Symbol(enzyme.__unrendered__): <Dropdown
    handleChange={[Function]}
    id="test"
    isLabelShown={true}
    label="This is a dropdown"
    options={
        Array [
            "test",
            "test2",
            "test3",
          ]
    }
    value="test"
/>,
  Symbol(enzyme.__renderer__): Object {
    "batchedUpdates": [Function],
    "getNode": [Function],
    "render": [Function],
    "simulateEvent": [Function],
    "unmount": [Function],
  },
  Symbol(enzyme.__node__): Object {
    "instance": null,
    "key": undefined,
    "nodeType": "host",
    "props": Object {
      "children": Array [
        <label
          htmlFor="test"
>
          This is a dropdown
</label>,
        <select
          className="form-control"
          id="test"
          onChange={[Function]}
          value="test"
>
          <option
                    value={undefined}
          />
          <option
                    value={undefined}
          />
          <option
                    value={undefined}
          />
</select>,
      ],
      "className": "form-group",
    },
    "ref": null,
    "rendered": Array [
      Object {
        "instance": null,
        "key": undefined,
        "nodeType": "host",
        "props": Object {
          "children": "This is a dropdown",
          "htmlFor": "test",
        },
        "ref": null,
        "rendered": "This is a dropdown",
        "type": "label",
      },
      Object {
        "instance": null,
        "key": undefined,
        "nodeType": "host",
        "props": Object {
          "children": Array [
            <option
              value={undefined}
/>,
            <option
              value={undefined}
/>,
            <option
              value={undefined}
/>,
          ],
          "className": "form-control",
          "id": "test",
          "onChange": [Function],
          "value": "test",
        },
        "ref": null,
        "rendered": Array [
          Object {
            "instance": null,
            "key": undefined,
            "nodeType": "host",
            "props": Object {
              "children": undefined,
              "value": undefined,
            },
            "ref": null,
            "rendered": null,
            "type": "option",
          },
          Object {
            "instance": null,
            "key": undefined,
            "nodeType": "host",
            "props": Object {
              "children": undefined,
              "value": undefined,
            },
            "ref": null,
            "rendered": null,
            "type": "option",
          },
          Object {
            "instance": null,
            "key": undefined,
            "nodeType": "host",
            "props": Object {
              "children": undefined,
              "value": undefined,
            },
            "ref": null,
            "rendered": null,
            "type": "option",
          },
        ],
        "type": "select",
      },
    ],
    "type": "div",
  },
  Symbol(enzyme.__nodes__): Array [
    Object {
      "instance": null,
      "key": undefined,
      "nodeType": "host",
      "props": Object {
        "children": Array [
          <label
            htmlFor="test"
>
            This is a dropdown
</label>,
          <select
            className="form-control"
            id="test"
            onChange={[Function]}
            value="test"
>
            <option
                        value={undefined}
            />
            <option
                        value={undefined}
            />
            <option
                        value={undefined}
            />
</select>,
        ],
        "className": "form-group",
      },
      "ref": null,
      "rendered": Array [
        Object {
          "instance": null,
          "key": undefined,
          "nodeType": "host",
          "props": Object {
            "children": "This is a dropdown",
            "htmlFor": "test",
          },
          "ref": null,
          "rendered": "This is a dropdown",
          "type": "label",
        },
        Object {
          "instance": null,
          "key": undefined,
          "nodeType": "host",
          "props": Object {
            "children": Array [
              <option
                value={undefined}
/>,
              <option
                value={undefined}
/>,
              <option
                value={undefined}
/>,
            ],
            "className": "form-control",
            "id": "test",
            "onChange": [Function],
            "value": "test",
          },
          "ref": null,
          "rendered": Array [
            Object {
              "instance": null,
              "key": undefined,
              "nodeType": "host",
              "props": Object {
                "children": undefined,
                "value": undefined,
              },
              "ref": null,
              "rendered": null,
              "type": "option",
            },
            Object {
              "instance": null,
              "key": undefined,
              "nodeType": "host",
              "props": Object {
                "children": undefined,
                "value": undefined,
              },
              "ref": null,
              "rendered": null,
              "type": "option",
            },
            Object {
              "instance": null,
              "key": undefined,
              "nodeType": "host",
              "props": Object {
                "children": undefined,
                "value": undefined,
              },
              "ref": null,
              "rendered": null,
              "type": "option",
            },
          ],
          "type": "select",
        },
      ],
      "type": "div",
    },
  ],
  Symbol(enzyme.__options__): Object {
    "adapter": ReactSixteenAdapter {
      "options": Object {
        "enableComponentDidUpdateOnSetState": true,
      },
    },
  },
}
`;
