// Jest Snapshot v1, https://goo.gl/fbAQLP

exports[`Overview Component should render an Overview component 1`] = `ShallowWrapper {}`;

exports[`Overview Component should render an Overview component with custom date format 1`] = `ShallowWrapper {}`;

exports[`Overview Component should render an Overview component with no listItems 1`] = `ShallowWrapper {}`;
